15:15:30 **** Incremental Build of configuration Debug for project part1_discetize ****
make -j28 all 
arm-none-eabi-gcc "../Core/Src/main.c" -mcpu=cortex-m4 -std=gnu11 -g3 -DDEBUG -DUSE_HAL_DRIVER -DSTM32G474xx -c -I../Core/Inc -I../Drivers/STM32G4xx_HAL_Driver/Inc -I../Drivers/STM32G4xx_HAL_Driver/Inc/Legacy -I../Drivers/CMSIS/Device/ST/STM32G4xx/Include -I../Drivers/CMSIS/Include -O0 -ffunction-sections -fdata-sections -Wall -fstack-usage -fcyclomatic-complexity -MMD -MP -MF"Core/Src/main.d" -MT"Core/Src/main.o" --specs=nano.specs -mfpu=fpv4-sp-d16 -mfloat-abi=hard -mthumb -o "Core/Src/main.o"
arm-none-eabi-gcc -o "part1_discetize.elf" @"objects.list"   -mcpu=cortex-m4 -T"C:\Users\User\Documents\GitHub\FRA233_Lab2_G04\part1_discetize\STM32G474RETX_FLASH.ld" --specs=nosys.specs -Wl,-Map="part1_discetize.map" -Wl,--gc-sections -static --specs=nano.specs -mfpu=fpv4-sp-d16 -mfloat-abi=hard -mthumb -Wl,--start-group -lc -lm -Wl,--end-group
Finished building target: part1_discetize.elf
 
arm-none-eabi-size  part1_discetize.elf 
arm-none-eabi-objdump -h -S part1_discetize.elf  > "part1_discetize.list"
   text	   data	    bss	    dec	    hex	filename
  22344	     20	   2020	  24384	   5f40	part1_discetize.elf
Finished building: default.size.stdout
 
Finished building: part1_discetize.list
 

15:15:30 Build Finished. 0 errors, 0 warnings. (took 597ms)

